// TEST RULE ACTIVE
This is a test output file to verify workspace rules.
